---
http_interactions:
- request:
    method: post
    uri: https://openapi.wix.com/v1/contacts/c9ddec92-d361-41d7-ab04-492612cf4495/tags?modifiedAt=1408454207&version=1.0.0
    body:
      encoding: UTF-8
      string: '["crazy/tag","lalala/tag"]'
    headers:
      Accept:
      - application/json
      User-Agent:
      - Faraday v0.9.0
      X-Wix-Instance-Id:
      - 138328bd-0cde-04e3-d7be-8f5500e362e7
      X-Wix-Application-Id:
      - 13832826-96d2-70f0-7eb7-8e107a37f1d2
      X-Wix-Timestamp:
      - '2014-08-19T16:16:47.860+03:00'
      X-Wix-Signature:
      - g0eJBys8WY_yMfSo2cAQ7dpQybreirLBGDQ03M_aklw
      Content-Type:
      - application/json
      Accept-Encoding:
      - gzip;q=1.0,deflate;q=0.6,identity;q=0.3
  response:
    status:
      code: 404
      message: Not Found
    headers:
      X-Seen-By:
      - sputnik01.tam_dsp
      Date:
      - Tue, 19 Aug 2014 13:16:48 GMT
      Content-Type:
      - application/json;charset=UTF-8
      Content-Length:
      - '134'
      Server:
      - Jetty(8.1.3.v20120416)
    body:
      encoding: UTF-8
      string: '{"errorCode":404,"message":"Unknown service method at [/v1/contacts/c9ddec92-d361-41d7-ab04-492612cf4495/tags]","wixErrorCode":-23007}'
    http_version: 
  recorded_at: Tue, 19 Aug 2014 13:16:48 GMT
- request:
    method: post
    uri: https://openapi.wix.com/v1/contacts/0d572003-3579-46b1-b03c-b4bde300bca6/tags?modifiedAt=1408454470&version=1.0.0
    body:
      encoding: UTF-8
      string: '["crazy/tag","lalala/tag"]'
    headers:
      Accept:
      - application/json
      User-Agent:
      - Faraday v0.9.0
      X-Wix-Instance-Id:
      - 138328bd-0cde-04e3-d7be-8f5500e362e7
      X-Wix-Application-Id:
      - 13832826-96d2-70f0-7eb7-8e107a37f1d2
      X-Wix-Timestamp:
      - '2014-08-19T16:21:10.018+03:00'
      X-Wix-Signature:
      - 5WEFacRT5wa2bdH5ISUmsKWzjUPOg7i44EDbMkqFFww
      Content-Type:
      - application/json
      Accept-Encoding:
      - gzip;q=1.0,deflate;q=0.6,identity;q=0.3
  response:
    status:
      code: 404
      message: Not Found
    headers:
      X-Seen-By:
      - sputnik02.tam_dsp
      Date:
      - Tue, 19 Aug 2014 13:21:10 GMT
      Content-Type:
      - application/json;charset=UTF-8
      Content-Length:
      - '134'
      Server:
      - Jetty(8.1.3.v20120416)
    body:
      encoding: UTF-8
      string: '{"errorCode":404,"message":"Unknown service method at [/v1/contacts/0d572003-3579-46b1-b03c-b4bde300bca6/tags]","wixErrorCode":-23007}'
    http_version: 
  recorded_at: Tue, 19 Aug 2014 13:21:10 GMT
- request:
    method: post
    uri: https://openapi.wix.com/v1/contacts/b2d1f18a-bd2b-4e3f-98a4-bb3f7c8bc266/tags?modifiedAt=1408454730&version=1.0.0
    body:
      encoding: UTF-8
      string: '["crazy/tag","lalala/tag"]'
    headers:
      Accept:
      - application/json
      User-Agent:
      - Faraday v0.9.0
      X-Wix-Instance-Id:
      - 138328bd-0cde-04e3-d7be-8f5500e362e7
      X-Wix-Application-Id:
      - 13832826-96d2-70f0-7eb7-8e107a37f1d2
      X-Wix-Timestamp:
      - '2014-08-19T16:25:30.735+03:00'
      X-Wix-Signature:
      - nbgR9M4S3u2t-e43QfwjhlPwa-95zpVSs2QPTGo2Z_k
      Content-Type:
      - application/json
      Accept-Encoding:
      - gzip;q=1.0,deflate;q=0.6,identity;q=0.3
  response:
    status:
      code: 404
      message: Not Found
    headers:
      X-Seen-By:
      - sputnik03.tam_dsp
      Date:
      - Tue, 19 Aug 2014 13:25:31 GMT
      Content-Type:
      - application/json;charset=UTF-8
      Content-Length:
      - '134'
      Server:
      - Jetty(8.1.3.v20120416)
    body:
      encoding: UTF-8
      string: '{"errorCode":404,"message":"Unknown service method at [/v1/contacts/b2d1f18a-bd2b-4e3f-98a4-bb3f7c8bc266/tags]","wixErrorCode":-23007}'
    http_version: 
  recorded_at: Tue, 19 Aug 2014 13:25:31 GMT
- request:
    method: post
    uri: https://openapi.wix.com/v1/contacts/529386ea-f589-4c5e-946a-adcc8834c3f4/tags?modifiedAt=1408454858&version=1.0.0
    body:
      encoding: UTF-8
      string: '["crazy/tag","lalala/tag"]'
    headers:
      Accept:
      - application/json
      User-Agent:
      - Faraday v0.9.0
      X-Wix-Instance-Id:
      - 138328bd-0cde-04e3-d7be-8f5500e362e7
      X-Wix-Application-Id:
      - 13832826-96d2-70f0-7eb7-8e107a37f1d2
      X-Wix-Timestamp:
      - '2014-08-19T16:27:38.360+03:00'
      X-Wix-Signature:
      - cwqqZNbi46ibYYszh2KWvAup3-If8xFr2IyA8K1-l7c
      Content-Type:
      - application/json
      Accept-Encoding:
      - gzip;q=1.0,deflate;q=0.6,identity;q=0.3
  response:
    status:
      code: 404
      message: Not Found
    headers:
      X-Seen-By:
      - sputnik01.tam_dsp
      Date:
      - Tue, 19 Aug 2014 13:27:39 GMT
      Content-Type:
      - application/json;charset=UTF-8
      Content-Length:
      - '134'
      Server:
      - Jetty(8.1.3.v20120416)
    body:
      encoding: UTF-8
      string: '{"errorCode":404,"message":"Unknown service method at [/v1/contacts/529386ea-f589-4c5e-946a-adcc8834c3f4/tags]","wixErrorCode":-23007}'
    http_version: 
  recorded_at: Tue, 19 Aug 2014 13:27:39 GMT
- request:
    method: post
    uri: https://openapi.wix.com/v1/contacts/83dde830-b8a5-4d24-86d3-20702129aec3/tags?modifiedAt=1408512753&version=1.0.0
    body:
      encoding: UTF-8
      string: '["crazy/tag","lalala/tag"]'
    headers:
      Accept:
      - application/json
      User-Agent:
      - Faraday v0.9.0
      X-Wix-Instance-Id:
      - 138328bd-0cde-04e3-d7be-8f5500e362e7
      X-Wix-Application-Id:
      - 13832826-96d2-70f0-7eb7-8e107a37f1d2
      X-Wix-Timestamp:
      - '2014-08-20T08:32:33.695+03:00'
      X-Wix-Signature:
      - RNZkILVc9a1IIyfEScTbQTdyk1xJUIvfGg1kPz_tY_E
      Content-Type:
      - application/json
      Accept-Encoding:
      - gzip;q=1.0,deflate;q=0.6,identity;q=0.3
  response:
    status:
      code: 404
      message: Not Found
    headers:
      X-Seen-By:
      - sputnik01.tam_dsp
      Date:
      - Wed, 20 Aug 2014 05:32:34 GMT
      Content-Type:
      - application/json;charset=UTF-8
      Content-Length:
      - '134'
      Server:
      - Jetty(8.1.3.v20120416)
    body:
      encoding: UTF-8
      string: '{"errorCode":404,"message":"Unknown service method at [/v1/contacts/83dde830-b8a5-4d24-86d3-20702129aec3/tags]","wixErrorCode":-23007}'
    http_version: 
  recorded_at: Wed, 20 Aug 2014 05:32:34 GMT
- request:
    method: post
    uri: https://openapi.wix.com/v1/contacts/ebcd4778-6601-4dd0-b6ca-955d8142dd2f/tags?modifiedAt=1408515578&version=1.0.0
    body:
      encoding: UTF-8
      string: '["crazy/tag","lalala/tag"]'
    headers:
      Accept:
      - application/json
      User-Agent:
      - Faraday v0.9.0
      X-Wix-Instance-Id:
      - 138328bd-0cde-04e3-d7be-8f5500e362e7
      X-Wix-Application-Id:
      - 13832826-96d2-70f0-7eb7-8e107a37f1d2
      X-Wix-Timestamp:
      - '2014-08-20T09:19:38.066+03:00'
      X-Wix-Signature:
      - lgE5nI-S65n134ATyI_Lbq7x04R78TFsmp5KQ8dEkP4
      Content-Type:
      - application/json
      Accept-Encoding:
      - gzip;q=1.0,deflate;q=0.6,identity;q=0.3
  response:
    status:
      code: 404
      message: Not Found
    headers:
      X-Seen-By:
      - sputnik02.tam_dsp
      Date:
      - Wed, 20 Aug 2014 06:19:38 GMT
      Content-Type:
      - application/json;charset=UTF-8
      Content-Length:
      - '134'
      Server:
      - Jetty(8.1.3.v20120416)
    body:
      encoding: UTF-8
      string: '{"errorCode":404,"message":"Unknown service method at [/v1/contacts/ebcd4778-6601-4dd0-b6ca-955d8142dd2f/tags]","wixErrorCode":-23007}'
    http_version: 
  recorded_at: Wed, 20 Aug 2014 06:19:38 GMT
- request:
    method: post
    uri: https://openapi.wix.com/v1/contacts?version=1.0.0
    body:
      encoding: UTF-8
      string: '{"name":{"first":"Wix","last":"Cool"},"company":{},"emails":[{"email":"alext@wix.com","tag":"work"}],"phones":[{"phone":"123456789","tag":"work"}],"addresses":[],"urls":[],"dates":[]}'
    headers:
      Accept:
      - application/json
      User-Agent:
      - Faraday v0.9.0
      X-Wix-Instance-Id:
      - 138328bd-0cde-04e3-d7be-8f5500e362e7
      X-Wix-Application-Id:
      - 13832826-96d2-70f0-7eb7-8e107a37f1d2
      X-Wix-Timestamp:
      - '2014-08-20T17:18:44.900+03:00'
      X-Wix-Signature:
      - icunHm-tKIzfITnZvE55LkCxO3k3Y8FiEzZBvbJGe0M
      Content-Type:
      - application/json
      Accept-Encoding:
      - gzip;q=1.0,deflate;q=0.6,identity;q=0.3
  response:
    status:
      code: 200
      message: OK
    headers:
      X-Seen-By:
      - sputnik01.tam_dsp
      Date:
      - Wed, 20 Aug 2014 14:18:45 GMT
      Content-Type:
      - application/json;charset=UTF-8
      Content-Length:
      - '52'
      Server:
      - Jetty(8.1.3.v20120416)
    body:
      encoding: UTF-8
      string: '{"contactId":"b1fdecfc-d139-4fa6-bd55-6251d210204a"}'
    http_version: 
  recorded_at: Wed, 20 Aug 2014 14:18:45 GMT
- request:
    method: post
    uri: https://openapi.wix.com/v1/contacts/b1fdecfc-d139-4fa6-bd55-6251d210204a/tags?modifiedAt=1408544325&version=1.0.0
    body:
      encoding: UTF-8
      string: '["crazy/tag","lalala/tag"]'
    headers:
      Accept:
      - application/json
      User-Agent:
      - Faraday v0.9.0
      X-Wix-Instance-Id:
      - 138328bd-0cde-04e3-d7be-8f5500e362e7
      X-Wix-Application-Id:
      - 13832826-96d2-70f0-7eb7-8e107a37f1d2
      X-Wix-Timestamp:
      - '2014-08-20T17:18:45.971+03:00'
      X-Wix-Signature:
      - vrOocbPbyqQXOsg8rgv7rohz4gMfMqAU6cicW4vWQu8
      Content-Type:
      - application/json
      Accept-Encoding:
      - gzip;q=1.0,deflate;q=0.6,identity;q=0.3
  response:
    status:
      code: 404
      message: Not Found
    headers:
      X-Seen-By:
      - sputnik02.tam_dsp
      Date:
      - Wed, 20 Aug 2014 14:18:46 GMT
      Content-Type:
      - application/json;charset=UTF-8
      Content-Length:
      - '134'
      Server:
      - Jetty(8.1.3.v20120416)
    body:
      encoding: UTF-8
      string: '{"errorCode":404,"message":"Unknown service method at [/v1/contacts/b1fdecfc-d139-4fa6-bd55-6251d210204a/tags]","wixErrorCode":-23007}'
    http_version: 
  recorded_at: Wed, 20 Aug 2014 14:18:46 GMT
recorded_with: VCR 2.9.2
